******************************************************************************
          TMS320C6x COFF Linker PC v5.1.0                      
******************************************************************************
>> Linked Mon Feb 28 11:16:21 2011

OUTPUT FILE NAME:   <./Debug/Loop_intr.out>
ENTRY POINT SYMBOL: "_c_int00"  address: 00002280


MEMORY CONFIGURATION

                  name            origin    length      used    attr    fill
         ----------------------  --------  ---------  --------  ----  --------
         IVECS                   00000000   00000220  00000200  RWIX
         IRAM                    00000220   0002fde0  00002cc6  RWIX
         SDRAM                   80000000   00100000  00000000  RWIX
         FLASH                   90000000   00020000  00000000  RWIX


SECTION ALLOCATION MAP

 output                                  attributes/
section   page    origin      length       input sections
--------  ----  ----------  ----------   ----------------
.EXT_RAM   0    80000000    00000000     UNINITIALIZED

.vectors   0    00000000    00000000     UNINITIALIZED

.data      0    00000000    00000000     UNINITIALIZED

.vecs      0    00000000    00000200     
                  00000000    00000200     Vectors_intr.obj (.vecs)

.bss       0    00000220    00000000     UNINITIALIZED

.sysmem    0    00000220    00000000     UNINITIALIZED

.switch    0    00000220    00000000     UNINITIALIZED

.cio       0    00000220    00000000     UNINITIALIZED

.csldata   0    00000220    00000000     UNINITIALIZED

.text      0    00000220    00002340     
                  00000220    00000880     c6713dskinit.obj (.text)
                  00000aa0    00000480     dsk6713bsl.lib : dsk6713.obj (.text)
                  00000f20    00000320                    : dsk6713_aic23_opencodec.obj (.text)
                  00001240    00000240     rts6700.lib : memcpy62.obj (.text:_memcpy)
                  00001480    000001e0     prac1_intm.obj (.text)
                  00001660    000001c0     csl6713.lib : csl_irq.obj (.text:_IRQ_map)
                  00001820    000001a0                 : csl_mcbsp.obj (.text:_MCBSP_reset)
                  000019c0    00000160     dsk6713bsl.lib : dsk6713_aic23_registers.obj (.text)
                  00001b20    00000140     rts6700.lib : exit.obj (.text:_exit)
                  00001c60    00000140                 : autoinit.obj (.text:__auto_init)
                  00001da0    00000100     csl6713.lib : csl_mcbsp.obj (.text:_MCBSP_start)
                  00001ea0    00000100                 : csl_mcbsp.obj (.text:_MCBSP_open)
                  00001fa0    000000e0     rts6700.lib : strasg.obj (.text:__strasg)
                  00002080    000000c0     dsk6713bsl.lib : dsk6713_aic23_setfreq.obj (.text)
                  00002140    000000a0     csl6713.lib : csl_mcbsp.obj (.text:_MCBSP_config)
                  000021e0    000000a0                 : csl_irq.obj (.text:_setMux)
                  00002280    00000080     rts6700.lib : boot.obj (.text:_c_int00)
                  00002300    00000040                 : args_main.obj (.text:__args_main)
                  00002340    00000040     csl6713.lib : csl_irq.obj (.text:_IRQ_reset)
                  00002380    00000040                 : csl_irq.obj (.text:_IRQ_enable)
                  000023c0    00000020                 : csl_mcbsp.obj (.text:_MCBSP_rrdy)
                  000023e0    00000020     rts6700.lib : exit.obj (.text:_abort)
                  00002400    00000020     csl6713.lib : csl_mcbsp.obj (.text:_MCBSP_read)
                  00002420    00000020                 : csl_mcbsp.obj (.text:_MCBSP_xrdy)
                  00002440    00000020                 : csl_irq.obj (.text:_IRQ_setVecs)
                  00002460    00000020     Vectors_intr.obj (.text)
                  00002480    00000020     csl6713.lib : csl_mcbsp.obj (.text:_MCBSP_getXmtEventId)
                  000024a0    00000020                 : csl_irq.obj (.text:_IRQ_globalDisable)
                  000024c0    00000020     rts6700.lib : _lock.obj (.text:__nop)
                  000024e0    00000020     csl6713.lib : csl_irq.obj (.text)
                  00002500    00000020                 : csl_mcbsp.obj (.text:_MCBSP_write)
                  00002520    00000020                 : csl_irq.obj (.text:_IRQ_nmiEnable)
                  00002540    00000020                 : csl_irq.obj (.text:_IRQ_globalEnable)

.stack     0    00002560    00000400     UNINITIALIZED
                  00002560    00000008     rts6700.lib : boot.obj (.stack)

.cinit     0    00002960    000002ac     
                  00002960    0000012c     csl6713.lib : csl_irq.obj (.cinit)
                  00002a8c    00000004     --HOLE-- [fill = 0]
                  00002a90    00000058     c6713dskinit.obj (.cinit)
                  00002ae8    00000054     csl6713.lib : csl_mcbsp.obj (.cinit)
                  00002b3c    00000004     --HOLE-- [fill = 0]
                  00002b40    00000030     dsk6713bsl.lib : dsk6713_aic23_registers.obj (.cinit)
                  00002b70    0000002c     rts6700.lib : exit.obj (.cinit)
                  00002b9c    00000004     --HOLE-- [fill = 0]
                  00002ba0    00000028     dsk6713bsl.lib : dsk6713_aic23_setfreq.obj (.cinit)
                  00002bc8    0000001c     rts6700.lib : _lock.obj (.cinit)
                  00002be4    00000004     --HOLE-- [fill = 0]
                  00002be8    0000001c     prac1_intm.obj (.cinit)
                  00002c04    00000008     --HOLE-- [fill = 0]

.far       0    00002c0c    0000027a     UNINITIALIZED
                  00002c0c    000000f4     csl6713.lib : csl_irq.obj (.far)
                  00002d00    0000008c     rts6700.lib : exit.obj (.far)
                  00002d8c    00000058     c6713dskinit.obj (.far)
                  00002de4    00000038     csl6713.lib : csl_mcbsp.obj (.far)
                  00002e1c    00000028     dsk6713bsl.lib : dsk6713_aic23_registers.obj (.far)
                  00002e44    00000020                    : dsk6713_aic23_setfreq.obj (.far)
                  00002e64    00000010     prac1_intm.obj (.far)
                  00002e74    00000008     rts6700.lib : _lock.obj (.far)
                  00002e7c    00000008     dsk6713bsl.lib : dsk6713_aic23_opencodec.obj (.far)
                  00002e84    00000002                    : dsk6713.obj (.far)

.const     0    00002e88    00000060     
                  00002e88    00000040     dsk6713bsl.lib : dsk6713_aic23_opencodec.obj (.const)
                  00002ec8    00000020                    : dsk6713.obj (.const)


GLOBAL SYMBOLS: SORTED ALPHABETICALLY BY Name 

address    name
--------   ----
00000220   $bss
00000220   .bss
00000000   .data
00000220   .text
000023e0   C$$EXIT
00002d98   _AIC23CfgData
00002d8c   _AIC_data
00002e7c   _DSK6713_AIC23_codeccontrolhandle
00002e80   _DSK6713_AIC23_codecdatahandle
00001a80   _DSK6713_AIC23_config
00000f20   _DSK6713_AIC23_openCodec
00001a5c   _DSK6713_AIC23_rget
000019c0   _DSK6713_AIC23_rset
00002080   _DSK6713_AIC23_setFreq
00000eb4   _DSK6713_getVersion
00000aec   _DSK6713_init
00000e08   _DSK6713_rget
00000e1c   _DSK6713_rset
00002e84   _DSK6713_version
00000e30   _DSK6713_wait
00000e88   _DSK6713_waitusec
00002380   _IRQ_enable
000024a0   _IRQ_globalDisable
00002540   _IRQ_globalEnable
00001660   _IRQ_map
00002520   _IRQ_nmiEnable
00002340   _IRQ_reset
00002440   _IRQ_setVecs
00002140   _MCBSP_config
00002480   _MCBSP_getXmtEventId
00001ea0   _MCBSP_open
00002400   _MCBSP_read
00001820   _MCBSP_reset
000023c0   _MCBSP_rrdy
00001da0   _MCBSP_start
00002500   _MCBSP_write
00002420   _MCBSP_xrdy
00002cf8   __IRQ_dispatchTable
00002c34   __IRQ_eventTable
000024e0   __IRQ_hookFetchPacket
00002cb8   __IRQ_intTable
00002e14   __MCBSP_hDev0
00002e18   __MCBSP_hDev1
00000400   __STACK_SIZE
ffffffff   ___binit__
00000220   ___bss__
ffffffff   ___c_args__
00002960   ___cinit__
00000000   ___data__
00000000   ___edata__
00000220   ___end__
00002560   ___etext__
ffffffff   ___pinit__
00000220   ___text__
00002300   __args_main
00001c60   __auto_init
00002d84   __cleanup_ptr
00002d88   __dtors_ptr
00002e74   __lock
000024c0   __nop
00002560   __stack
00001fa0   __strasg
00002e78   __unlock
000023e0   _abort
00000220   _c6713_dsk_init
00002280   _c_int00
00001480   _c_int11
00000334   _comm_intr
000002f8   _comm_poll
00002db8   _config
00001b20   _exit
00002e64   _fs
00002de0   _hAIC23_handle
00002e6c   _input_data
000008e8   _input_left_sample
000009c0   _input_right_sample
000007c4   _input_sample
000015c8   _main
00001240   _memcpy
00002e68   _output_data
000005d4   _output_left_sample
000006cc   _output_right_sample
00000490   _output_sample
00002e70   _signo
00000020   _vector1
00000140   _vector10
00000180   _vector12
000001a0   _vector13
000001c0   _vector14
000001e0   _vector15
00000040   _vector2
00000060   _vector3
00000080   _vector4
000000a0   _vector5
000000c0   _vector6
000000e0   _vector7
00000100   _vector8
00000120   _vector9
00000000   _vectors
ffffffff   binit
00002960   cinit
00000000   edata
00000220   end
00002560   etext
ffffffff   pinit


GLOBAL SYMBOLS: SORTED BY Symbol Address 

address    name
--------   ----
00000000   ___edata__
00000000   ___data__
00000000   .data
00000000   edata
00000000   _vectors
00000020   _vector1
00000040   _vector2
00000060   _vector3
00000080   _vector4
000000a0   _vector5
000000c0   _vector6
000000e0   _vector7
00000100   _vector8
00000120   _vector9
00000140   _vector10
00000180   _vector12
000001a0   _vector13
000001c0   _vector14
000001e0   _vector15
00000220   _c6713_dsk_init
00000220   ___bss__
00000220   ___text__
00000220   end
00000220   ___end__
00000220   $bss
00000220   .text
00000220   .bss
000002f8   _comm_poll
00000334   _comm_intr
00000400   __STACK_SIZE
00000490   _output_sample
000005d4   _output_left_sample
000006cc   _output_right_sample
000007c4   _input_sample
000008e8   _input_left_sample
000009c0   _input_right_sample
00000aec   _DSK6713_init
00000e08   _DSK6713_rget
00000e1c   _DSK6713_rset
00000e30   _DSK6713_wait
00000e88   _DSK6713_waitusec
00000eb4   _DSK6713_getVersion
00000f20   _DSK6713_AIC23_openCodec
00001240   _memcpy
00001480   _c_int11
000015c8   _main
00001660   _IRQ_map
00001820   _MCBSP_reset
000019c0   _DSK6713_AIC23_rset
00001a5c   _DSK6713_AIC23_rget
00001a80   _DSK6713_AIC23_config
00001b20   _exit
00001c60   __auto_init
00001da0   _MCBSP_start
00001ea0   _MCBSP_open
00001fa0   __strasg
00002080   _DSK6713_AIC23_setFreq
00002140   _MCBSP_config
00002280   _c_int00
00002300   __args_main
00002340   _IRQ_reset
00002380   _IRQ_enable
000023c0   _MCBSP_rrdy
000023e0   C$$EXIT
000023e0   _abort
00002400   _MCBSP_read
00002420   _MCBSP_xrdy
00002440   _IRQ_setVecs
00002480   _MCBSP_getXmtEventId
000024a0   _IRQ_globalDisable
000024c0   __nop
000024e0   __IRQ_hookFetchPacket
00002500   _MCBSP_write
00002520   _IRQ_nmiEnable
00002540   _IRQ_globalEnable
00002560   ___etext__
00002560   etext
00002560   __stack
00002960   ___cinit__
00002960   cinit
00002c34   __IRQ_eventTable
00002cb8   __IRQ_intTable
00002cf8   __IRQ_dispatchTable
00002d84   __cleanup_ptr
00002d88   __dtors_ptr
00002d8c   _AIC_data
00002d98   _AIC23CfgData
00002db8   _config
00002de0   _hAIC23_handle
00002e14   __MCBSP_hDev0
00002e18   __MCBSP_hDev1
00002e64   _fs
00002e68   _output_data
00002e6c   _input_data
00002e70   _signo
00002e74   __lock
00002e78   __unlock
00002e7c   _DSK6713_AIC23_codeccontrolhandle
00002e80   _DSK6713_AIC23_codecdatahandle
00002e84   _DSK6713_version
ffffffff   pinit
ffffffff   ___c_args__
ffffffff   ___binit__
ffffffff   binit
ffffffff   ___pinit__

[105 symbols]
