******************************************************************************
          TMS320C6x COFF Linker PC v5.1.0                      
******************************************************************************
>> Linked Mon May 23 11:07:07 2011

OUTPUT FILE NAME:   <./Debug/prac4.out>
ENTRY POINT SYMBOL: "_c_int00"  address: 00008420


MEMORY CONFIGURATION

                  name            origin    length      used    attr    fill
         ----------------------  --------  ---------  --------  ----  --------
         IVECS                   00000000   00000220  00000200  RWIX
         IRAM                    00000220   0002fde0  00008c5a  RWIX
         SDRAM                   80000000   00100000  00000000  RWIX
         FLASH                   90000000   00020000  00000000  RWIX


SECTION ALLOCATION MAP

 output                                  attributes/
section   page    origin      length       input sections
--------  ----  ----------  ----------   ----------------
.EXT_RAM   0    80000000    00000000     UNINITIALIZED

.vectors   0    00000000    00000000     UNINITIALIZED

.data      0    00000000    00000000     UNINITIALIZED

.vecs      0    00000000    00000200     
                  00000000    00000200     Vectors_intr.obj (.vecs)

.bss       0    00000220    00000000     UNINITIALIZED

.sysmem    0    00000220    00000000     UNINITIALIZED

.switch    0    00000220    00000000     UNINITIALIZED

.cio       0    00000220    00000000     UNINITIALIZED

.csldata   0    00000220    00000000     UNINITIALIZED

.far       0    00000220    00005736     UNINITIALIZED
                  00000220    00003578     process.obj (.far)
                  00003798    00001f50     prac4.obj (.far)
                  000056e8    000000f4     csl6713.lib : csl_irq.obj (.far)
                  000057dc    0000008c     rts6700.lib : exit.obj (.far)
                  00005868    00000058     c6713dskinit.obj (.far)
                  000058c0    00000038     csl6713.lib : csl_mcbsp.obj (.far)
                  000058f8    00000028     dsk6713bsl.lib : dsk6713_aic23_registers.obj (.far)
                  00005920    00000020                    : dsk6713_aic23_setfreq.obj (.far)
                  00005940    00000008     rts6700.lib : _lock.obj (.far)
                  00005948    00000008     dsk6713bsl.lib : dsk6713_aic23_opencodec.obj (.far)
                  00005950    00000004     rts6700.lib : errno.obj (.far)
                  00005954    00000002     dsk6713bsl.lib : dsk6713.obj (.far)

.text      0    00005960    00002da0     
                  00005960    00000880     c6713dskinit.obj (.text)
                  000061e0    000004e0     process.obj (.text)
                  000066c0    00000480     dsk6713bsl.lib : dsk6713.obj (.text)
                  00006b40    00000320                    : dsk6713_aic23_opencodec.obj (.text)
                  00006e60    00000300     prac4.obj (.text)
                  00007160    00000240     rts6700.lib : memcpy62.obj (.text:_memcpy)
                  000073a0    000001e0                 : sqrtf.obj (.text:_sqrtf)
                  00007580    000001c0     csl6713.lib : csl_irq.obj (.text:_IRQ_map)
                  00007740    000001a0                 : csl_mcbsp.obj (.text:_MCBSP_reset)
                  000078e0    00000160     dsk6713bsl.lib : dsk6713_aic23_registers.obj (.text)
                  00007a40    00000160     rts6700.lib : ldexpf.obj (.text:_ldexpf)
                  00007ba0    00000140                 : autoinit.obj (.text:__auto_init)
                  00007ce0    00000140                 : exit.obj (.text:_exit)
                  00007e20    00000120                 : frexpf.obj (.text:_frexpf)
                  00007f40    00000100     csl6713.lib : csl_mcbsp.obj (.text:_MCBSP_start)
                  00008040    00000100                 : csl_mcbsp.obj (.text:_MCBSP_open)
                  00008140    000000e0     rts6700.lib : strasg.obj (.text:__strasg)
                  00008220    000000c0     dsk6713bsl.lib : dsk6713_aic23_setfreq.obj (.text)
                  000082e0    000000a0     csl6713.lib : csl_mcbsp.obj (.text:_MCBSP_config)
                  00008380    000000a0                 : csl_irq.obj (.text:_setMux)
                  00008420    00000080     rts6700.lib : boot.obj (.text:_c_int00)
                  000084a0    00000040     csl6713.lib : csl_irq.obj (.text:_IRQ_reset)
                  000084e0    00000040     rts6700.lib : args_main.obj (.text:__args_main)
                  00008520    00000040     csl6713.lib : csl_irq.obj (.text:_IRQ_enable)
                  00008560    00000020                 : csl_mcbsp.obj (.text:_MCBSP_getXmtEventId)
                  00008580    00000020                 : csl_mcbsp.obj (.text:_MCBSP_rrdy)
                  000085a0    00000020                 : csl_mcbsp.obj (.text:_MCBSP_xrdy)
                  000085c0    00000020                 : csl_irq.obj (.text:_IRQ_globalEnable)
                  000085e0    00000020     rts6700.lib : exit.obj (.text:_abort)
                  00008600    00000020     csl6713.lib : csl_mcbsp.obj (.text:_MCBSP_read)
                  00008620    00000020     rts6700.lib : _lock.obj (.text:__nop)
                  00008640    00000020     csl6713.lib : csl_irq.obj (.text:_IRQ_globalDisable)
                  00008660    00000020                 : csl_irq.obj (.text)
                  00008680    00000020                 : csl_mcbsp.obj (.text:_MCBSP_write)
                  000086a0    00000020                 : csl_irq.obj (.text:_IRQ_setVecs)
                  000086c0    00000020     Vectors_intr.obj (.text)
                  000086e0    00000020     csl6713.lib : csl_irq.obj (.text:_IRQ_nmiEnable)

.stack     0    00008700    00000400     UNINITIALIZED
                  00008700    00000008     rts6700.lib : boot.obj (.stack)

.cinit     0    00008b00    00000324     
                  00008b00    0000012c     csl6713.lib : csl_irq.obj (.cinit)
                  00008c2c    00000004     --HOLE-- [fill = 0]
                  00008c30    00000064     process.obj (.cinit)
                  00008c94    00000004     --HOLE-- [fill = 0]
                  00008c98    00000058     c6713dskinit.obj (.cinit)
                  00008cf0    00000054     csl6713.lib : csl_mcbsp.obj (.cinit)
                  00008d44    00000004     --HOLE-- [fill = 0]
                  00008d48    00000030     dsk6713bsl.lib : dsk6713_aic23_registers.obj (.cinit)
                  00008d78    0000002c     rts6700.lib : exit.obj (.cinit)
                  00008da4    00000004     --HOLE-- [fill = 0]
                  00008da8    00000028     dsk6713bsl.lib : dsk6713_aic23_setfreq.obj (.cinit)
                  00008dd0    0000001c     rts6700.lib : _lock.obj (.cinit)
                  00008dec    00000004     --HOLE-- [fill = 0]
                  00008df0    0000001c     prac4.obj (.cinit)
                  00008e0c    00000004     --HOLE-- [fill = 0]
                  00008e10    0000000c     rts6700.lib : errno.obj (.cinit)
                  00008e1c    00000008     --HOLE-- [fill = 0]

.const     0    00008e24    00000060     
                  00008e24    00000040     dsk6713bsl.lib : dsk6713_aic23_opencodec.obj (.const)
                  00008e64    00000020                    : dsk6713.obj (.const)


GLOBAL SYMBOLS: SORTED ALPHABETICALLY BY Name 

address    name
--------   ----
00000220   $bss
00000220   .bss
00000000   .data
00005960   .text
000085e0   C$$EXIT
00005874   _AIC23CfgData
00005868   _AIC_data
00005948   _DSK6713_AIC23_codeccontrolhandle
0000594c   _DSK6713_AIC23_codecdatahandle
000079a0   _DSK6713_AIC23_config
00006b40   _DSK6713_AIC23_openCodec
0000797c   _DSK6713_AIC23_rget
000078e0   _DSK6713_AIC23_rset
00008220   _DSK6713_AIC23_setFreq
00006ad4   _DSK6713_getVersion
0000670c   _DSK6713_init
00006a28   _DSK6713_rget
00006a3c   _DSK6713_rset
00005954   _DSK6713_version
00006a50   _DSK6713_wait
00006aa8   _DSK6713_waitusec
00008520   _IRQ_enable
00008640   _IRQ_globalDisable
000085c0   _IRQ_globalEnable
00007580   _IRQ_map
000086e0   _IRQ_nmiEnable
000084a0   _IRQ_reset
000086a0   _IRQ_setVecs
000082e0   _MCBSP_config
00008560   _MCBSP_getXmtEventId
00008040   _MCBSP_open
00008600   _MCBSP_read
00007740   _MCBSP_reset
00008580   _MCBSP_rrdy
00007f40   _MCBSP_start
00008680   _MCBSP_write
000085a0   _MCBSP_xrdy
000057d4   __IRQ_dispatchTable
00005710   __IRQ_eventTable
00008660   __IRQ_hookFetchPacket
00005794   __IRQ_intTable
000058f0   __MCBSP_hDev0
000058f4   __MCBSP_hDev1
00000400   __STACK_SIZE
ffffffff   ___binit__
00000220   ___bss__
ffffffff   ___c_args__
00008b00   ___cinit__
00000000   ___data__
00000000   ___edata__
00000220   ___end__
00008700   ___etext__
ffffffff   ___pinit__
00005960   ___text__
000084e0   __args_main
00007ba0   __auto_init
00005860   __cleanup_ptr
00005864   __dtors_ptr
00005940   __lock
00008620   __nop
00008700   __stack
00008140   __strasg
00005944   __unlock
000085e0   _abort
00005960   _c6713_dsk_init
00008420   _c_int00
00006e60   _c_int11
00006510   _calculaEco
00005a74   _comm_intr
00005a38   _comm_poll
00005894   _config
00005950   _errno
00007ce0   _exit
000062d0   _fir
00007e20   _frexpf
00003798   _fs
0000024c   _guany
000058bc   _hAIC23_handle
00000220   _hFIR
000056e4   _index
000061e0   _inicialitzacio
0000700c   _init_buffer_block
00006028   _input_left_sample
00006100   _input_right_sample
00005f04   _input_sample
0000379c   _io1
0000473c   _io2
000056dc   _io_block
000056e0   _io_buffer
00007a40   _ldexpf
000070f4   _main
00007160   _memcpy
00005d14   _output_left_sample
00005e0c   _output_right_sample
00005bd0   _output_sample
000063f0   _processFIR
00000250   _retard
000073a0   _sqrtf
00000020   _vector1
00000140   _vector10
00000180   _vector12
000001a0   _vector13
000001c0   _vector14
000001e0   _vector15
00000040   _vector2
00000060   _vector3
00000080   _vector4
000000a0   _vector5
000000c0   _vector6
000000e0   _vector7
00000100   _vector8
00000120   _vector9
00000000   _vectors
00007044   _wait_buffer_block
ffffffff   binit
00008b00   cinit
00000000   edata
00000220   end
00008700   etext
ffffffff   pinit


GLOBAL SYMBOLS: SORTED BY Symbol Address 

address    name
--------   ----
00000000   edata
00000000   _vectors
00000000   ___edata__
00000000   ___data__
00000000   .data
00000020   _vector1
00000040   _vector2
00000060   _vector3
00000080   _vector4
000000a0   _vector5
000000c0   _vector6
000000e0   _vector7
00000100   _vector8
00000120   _vector9
00000140   _vector10
00000180   _vector12
000001a0   _vector13
000001c0   _vector14
000001e0   _vector15
00000220   .bss
00000220   _hFIR
00000220   ___bss__
00000220   ___end__
00000220   $bss
00000220   end
0000024c   _guany
00000250   _retard
00000400   __STACK_SIZE
00003798   _fs
0000379c   _io1
0000473c   _io2
000056dc   _io_block
000056e0   _io_buffer
000056e4   _index
00005710   __IRQ_eventTable
00005794   __IRQ_intTable
000057d4   __IRQ_dispatchTable
00005860   __cleanup_ptr
00005864   __dtors_ptr
00005868   _AIC_data
00005874   _AIC23CfgData
00005894   _config
000058bc   _hAIC23_handle
000058f0   __MCBSP_hDev0
000058f4   __MCBSP_hDev1
00005940   __lock
00005944   __unlock
00005948   _DSK6713_AIC23_codeccontrolhandle
0000594c   _DSK6713_AIC23_codecdatahandle
00005950   _errno
00005954   _DSK6713_version
00005960   ___text__
00005960   .text
00005960   _c6713_dsk_init
00005a38   _comm_poll
00005a74   _comm_intr
00005bd0   _output_sample
00005d14   _output_left_sample
00005e0c   _output_right_sample
00005f04   _input_sample
00006028   _input_left_sample
00006100   _input_right_sample
000061e0   _inicialitzacio
000062d0   _fir
000063f0   _processFIR
00006510   _calculaEco
0000670c   _DSK6713_init
00006a28   _DSK6713_rget
00006a3c   _DSK6713_rset
00006a50   _DSK6713_wait
00006aa8   _DSK6713_waitusec
00006ad4   _DSK6713_getVersion
00006b40   _DSK6713_AIC23_openCodec
00006e60   _c_int11
0000700c   _init_buffer_block
00007044   _wait_buffer_block
000070f4   _main
00007160   _memcpy
000073a0   _sqrtf
00007580   _IRQ_map
00007740   _MCBSP_reset
000078e0   _DSK6713_AIC23_rset
0000797c   _DSK6713_AIC23_rget
000079a0   _DSK6713_AIC23_config
00007a40   _ldexpf
00007ba0   __auto_init
00007ce0   _exit
00007e20   _frexpf
00007f40   _MCBSP_start
00008040   _MCBSP_open
00008140   __strasg
00008220   _DSK6713_AIC23_setFreq
000082e0   _MCBSP_config
00008420   _c_int00
000084a0   _IRQ_reset
000084e0   __args_main
00008520   _IRQ_enable
00008560   _MCBSP_getXmtEventId
00008580   _MCBSP_rrdy
000085a0   _MCBSP_xrdy
000085c0   _IRQ_globalEnable
000085e0   _abort
000085e0   C$$EXIT
00008600   _MCBSP_read
00008620   __nop
00008640   _IRQ_globalDisable
00008660   __IRQ_hookFetchPacket
00008680   _MCBSP_write
000086a0   _IRQ_setVecs
000086e0   _IRQ_nmiEnable
00008700   ___etext__
00008700   __stack
00008700   etext
00008b00   cinit
00008b00   ___cinit__
ffffffff   pinit
ffffffff   ___binit__
ffffffff   ___c_args__
ffffffff   binit
ffffffff   ___pinit__

[120 symbols]
