******************************************************************************
          TMS320C6x COFF Linker PC v5.1.0                      
******************************************************************************
>> Linked Tue Feb 05 13:35:44 2008

OUTPUT FILE NAME:   <./Debug/Loop_intr.out>
ENTRY POINT SYMBOL: "_c_int00"  address: 00002240


MEMORY CONFIGURATION

                  name            origin    length      used    attr    fill
         ----------------------  --------  ---------  --------  ----  --------
         IVECS                   00000000   00000220  00000200  RWIX
         IRAM                    00000220   0002fde0  00002c72  RWIX
         SDRAM                   80000000   00100000  00000000  RWIX
         FLASH                   90000000   00020000  00000000  RWIX


SECTION ALLOCATION MAP

 output                                  attributes/
section   page    origin      length       input sections
--------  ----  ----------  ----------   ----------------
.EXT_RAM   0    80000000    00000000     UNINITIALIZED

.vectors   0    00000000    00000000     UNINITIALIZED

.data      0    00000000    00000000     UNINITIALIZED

.vecs      0    00000000    00000200     
                  00000000    00000200     Vectors_intr.obj (.vecs)

.bss       0    00000220    00000000     UNINITIALIZED

.sysmem    0    00000220    00000000     UNINITIALIZED

.switch    0    00000220    00000000     UNINITIALIZED

.cio       0    00000220    00000000     UNINITIALIZED

.csldata   0    00000220    00000000     UNINITIALIZED

.text      0    00000220    00002300     
                  00000220    00000880     c6713dskinit.obj (.text)
                  00000aa0    00000480     dsk6713bsl.lib : dsk6713.obj (.text)
                  00000f20    00000320                    : dsk6713_aic23_opencodec.obj (.text)
                  00001240    00000240     rts6700.lib : memcpy62.obj (.text:_memcpy)
                  00001480    000001c0     csl6713.lib : csl_irq.obj (.text:_IRQ_map)
                  00001640    000001a0     prac1_int.obj (.text)
                  000017e0    000001a0     csl6713.lib : csl_mcbsp.obj (.text:_MCBSP_reset)
                  00001980    00000160     dsk6713bsl.lib : dsk6713_aic23_registers.obj (.text)
                  00001ae0    00000140     rts6700.lib : exit.obj (.text:_exit)
                  00001c20    00000140                 : autoinit.obj (.text:__auto_init)
                  00001d60    00000100     csl6713.lib : csl_mcbsp.obj (.text:_MCBSP_start)
                  00001e60    00000100                 : csl_mcbsp.obj (.text:_MCBSP_open)
                  00001f60    000000e0     rts6700.lib : strasg.obj (.text:__strasg)
                  00002040    000000c0     dsk6713bsl.lib : dsk6713_aic23_setfreq.obj (.text)
                  00002100    000000a0     csl6713.lib : csl_mcbsp.obj (.text:_MCBSP_config)
                  000021a0    000000a0                 : csl_irq.obj (.text:_setMux)
                  00002240    00000080     rts6700.lib : boot.obj (.text:_c_int00)
                  000022c0    00000040                 : args_main.obj (.text:__args_main)
                  00002300    00000040     csl6713.lib : csl_irq.obj (.text:_IRQ_reset)
                  00002340    00000040                 : csl_irq.obj (.text:_IRQ_enable)
                  00002380    00000020                 : csl_mcbsp.obj (.text:_MCBSP_rrdy)
                  000023a0    00000020     rts6700.lib : exit.obj (.text:_abort)
                  000023c0    00000020     csl6713.lib : csl_mcbsp.obj (.text:_MCBSP_read)
                  000023e0    00000020                 : csl_mcbsp.obj (.text:_MCBSP_xrdy)
                  00002400    00000020                 : csl_irq.obj (.text:_IRQ_setVecs)
                  00002420    00000020     Vectors_intr.obj (.text)
                  00002440    00000020     csl6713.lib : csl_mcbsp.obj (.text:_MCBSP_getXmtEventId)
                  00002460    00000020                 : csl_irq.obj (.text:_IRQ_globalDisable)
                  00002480    00000020     rts6700.lib : _lock.obj (.text:__nop)
                  000024a0    00000020     csl6713.lib : csl_irq.obj (.text)
                  000024c0    00000020                 : csl_mcbsp.obj (.text:_MCBSP_write)
                  000024e0    00000020                 : csl_irq.obj (.text:_IRQ_nmiEnable)
                  00002500    00000020                 : csl_irq.obj (.text:_IRQ_globalEnable)

.stack     0    00002520    00000400     UNINITIALIZED
                  00002520    00000008     rts6700.lib : boot.obj (.stack)

.cinit     0    00002920    0000029c     
                  00002920    0000012c     csl6713.lib : csl_irq.obj (.cinit)
                  00002a4c    00000004     --HOLE-- [fill = 0]
                  00002a50    00000058     c6713dskinit.obj (.cinit)
                  00002aa8    00000054     csl6713.lib : csl_mcbsp.obj (.cinit)
                  00002afc    00000004     --HOLE-- [fill = 0]
                  00002b00    00000030     dsk6713bsl.lib : dsk6713_aic23_registers.obj (.cinit)
                  00002b30    0000002c     rts6700.lib : exit.obj (.cinit)
                  00002b5c    00000004     --HOLE-- [fill = 0]
                  00002b60    00000028     dsk6713bsl.lib : dsk6713_aic23_setfreq.obj (.cinit)
                  00002b88    0000001c     rts6700.lib : _lock.obj (.cinit)
                  00002ba4    00000004     --HOLE-- [fill = 0]
                  00002ba8    0000000c     prac1_int.obj (.cinit)
                  00002bb4    00000008     --HOLE-- [fill = 0]

.far       0    00002bbc    00000276     UNINITIALIZED
                  00002bbc    000000f4     csl6713.lib : csl_irq.obj (.far)
                  00002cb0    0000008c     rts6700.lib : exit.obj (.far)
                  00002d3c    00000058     c6713dskinit.obj (.far)
                  00002d94    00000038     csl6713.lib : csl_mcbsp.obj (.far)
                  00002dcc    00000028     dsk6713bsl.lib : dsk6713_aic23_registers.obj (.far)
                  00002df4    00000020                    : dsk6713_aic23_setfreq.obj (.far)
                  00002e14    0000000c     prac1_int.obj (.far)
                  00002e20    00000008     rts6700.lib : _lock.obj (.far)
                  00002e28    00000008     dsk6713bsl.lib : dsk6713_aic23_opencodec.obj (.far)
                  00002e30    00000002                    : dsk6713.obj (.far)

.const     0    00002e34    00000060     
                  00002e34    00000040     dsk6713bsl.lib : dsk6713_aic23_opencodec.obj (.const)
                  00002e74    00000020                    : dsk6713.obj (.const)


GLOBAL SYMBOLS: SORTED ALPHABETICALLY BY Name 

address    name
--------   ----
00000220   $bss
00000220   .bss
00000000   .data
00000220   .text
000023a0   C$$EXIT
00002d48   _AIC23CfgData
00002d3c   _AIC_data
00002e28   _DSK6713_AIC23_codeccontrolhandle
00002e2c   _DSK6713_AIC23_codecdatahandle
00001a40   _DSK6713_AIC23_config
00000f20   _DSK6713_AIC23_openCodec
00001a1c   _DSK6713_AIC23_rget
00001980   _DSK6713_AIC23_rset
00002040   _DSK6713_AIC23_setFreq
00000eb4   _DSK6713_getVersion
00000aec   _DSK6713_init
00000e08   _DSK6713_rget
00000e1c   _DSK6713_rset
00002e30   _DSK6713_version
00000e30   _DSK6713_wait
00000e88   _DSK6713_waitusec
00002340   _IRQ_enable
00002460   _IRQ_globalDisable
00002500   _IRQ_globalEnable
00001480   _IRQ_map
000024e0   _IRQ_nmiEnable
00002300   _IRQ_reset
00002400   _IRQ_setVecs
00002100   _MCBSP_config
00002440   _MCBSP_getXmtEventId
00001e60   _MCBSP_open
000023c0   _MCBSP_read
000017e0   _MCBSP_reset
00002380   _MCBSP_rrdy
00001d60   _MCBSP_start
000024c0   _MCBSP_write
000023e0   _MCBSP_xrdy
00002ca8   __IRQ_dispatchTable
00002be4   __IRQ_eventTable
000024a0   __IRQ_hookFetchPacket
00002c68   __IRQ_intTable
00002dc4   __MCBSP_hDev0
00002dc8   __MCBSP_hDev1
00000400   __STACK_SIZE
ffffffff   ___binit__
00000220   ___bss__
ffffffff   ___c_args__
00002920   ___cinit__
00000000   ___data__
00000000   ___edata__
00000220   ___end__
00002520   ___etext__
ffffffff   ___pinit__
00000220   ___text__
000022c0   __args_main
00001c20   __auto_init
00002d34   __cleanup_ptr
00002d38   __dtors_ptr
00002e20   __lock
00002480   __nop
00002520   __stack
00001f60   __strasg
00002e24   __unlock
000023a0   _abort
00000220   _c6713_dsk_init
00002240   _c_int00
00001640   _c_int11
00000334   _comm_intr
000002f8   _comm_poll
00002d68   _config
00001ae0   _exit
00002e14   _fs
00002d90   _hAIC23_handle
00002e1c   _input_data
000008e8   _input_left_sample
000009c0   _input_right_sample
000007c4   _input_sample
00001788   _main
00001240   _memcpy
00002e18   _output_data
000005d4   _output_left_sample
000006cc   _output_right_sample
00000490   _output_sample
00000020   _vector1
00000140   _vector10
00000180   _vector12
000001a0   _vector13
000001c0   _vector14
000001e0   _vector15
00000040   _vector2
00000060   _vector3
00000080   _vector4
000000a0   _vector5
000000c0   _vector6
000000e0   _vector7
00000100   _vector8
00000120   _vector9
00000000   _vectors
ffffffff   binit
00002920   cinit
00000000   edata
00000220   end
00002520   etext
ffffffff   pinit


GLOBAL SYMBOLS: SORTED BY Symbol Address 

address    name
--------   ----
00000000   ___data__
00000000   _vectors
00000000   edata
00000000   ___edata__
00000000   .data
00000020   _vector1
00000040   _vector2
00000060   _vector3
00000080   _vector4
000000a0   _vector5
000000c0   _vector6
000000e0   _vector7
00000100   _vector8
00000120   _vector9
00000140   _vector10
00000180   _vector12
000001a0   _vector13
000001c0   _vector14
000001e0   _vector15
00000220   .bss
00000220   end
00000220   ___bss__
00000220   .text
00000220   ___end__
00000220   $bss
00000220   _c6713_dsk_init
00000220   ___text__
000002f8   _comm_poll
00000334   _comm_intr
00000400   __STACK_SIZE
00000490   _output_sample
000005d4   _output_left_sample
000006cc   _output_right_sample
000007c4   _input_sample
000008e8   _input_left_sample
000009c0   _input_right_sample
00000aec   _DSK6713_init
00000e08   _DSK6713_rget
00000e1c   _DSK6713_rset
00000e30   _DSK6713_wait
00000e88   _DSK6713_waitusec
00000eb4   _DSK6713_getVersion
00000f20   _DSK6713_AIC23_openCodec
00001240   _memcpy
00001480   _IRQ_map
00001640   _c_int11
00001788   _main
000017e0   _MCBSP_reset
00001980   _DSK6713_AIC23_rset
00001a1c   _DSK6713_AIC23_rget
00001a40   _DSK6713_AIC23_config
00001ae0   _exit
00001c20   __auto_init
00001d60   _MCBSP_start
00001e60   _MCBSP_open
00001f60   __strasg
00002040   _DSK6713_AIC23_setFreq
00002100   _MCBSP_config
00002240   _c_int00
000022c0   __args_main
00002300   _IRQ_reset
00002340   _IRQ_enable
00002380   _MCBSP_rrdy
000023a0   C$$EXIT
000023a0   _abort
000023c0   _MCBSP_read
000023e0   _MCBSP_xrdy
00002400   _IRQ_setVecs
00002440   _MCBSP_getXmtEventId
00002460   _IRQ_globalDisable
00002480   __nop
000024a0   __IRQ_hookFetchPacket
000024c0   _MCBSP_write
000024e0   _IRQ_nmiEnable
00002500   _IRQ_globalEnable
00002520   etext
00002520   __stack
00002520   ___etext__
00002920   ___cinit__
00002920   cinit
00002be4   __IRQ_eventTable
00002c68   __IRQ_intTable
00002ca8   __IRQ_dispatchTable
00002d34   __cleanup_ptr
00002d38   __dtors_ptr
00002d3c   _AIC_data
00002d48   _AIC23CfgData
00002d68   _config
00002d90   _hAIC23_handle
00002dc4   __MCBSP_hDev0
00002dc8   __MCBSP_hDev1
00002e14   _fs
00002e18   _output_data
00002e1c   _input_data
00002e20   __lock
00002e24   __unlock
00002e28   _DSK6713_AIC23_codeccontrolhandle
00002e2c   _DSK6713_AIC23_codecdatahandle
00002e30   _DSK6713_version
ffffffff   pinit
ffffffff   ___c_args__
ffffffff   ___pinit__
ffffffff   binit
ffffffff   ___binit__

[104 symbols]
