******************************************************************************
          TMS320C6x COFF Linker PC v5.1.0                      
******************************************************************************
>> Linked Mon Mar 28 11:04:57 2011

OUTPUT FILE NAME:   <./Debug/prac4.out>
ENTRY POINT SYMBOL: "_c_int00"  address: 00003900


MEMORY CONFIGURATION

                  name            origin    length      used    attr    fill
         ----------------------  --------  ---------  --------  ----  --------
         IVECS                   00000000   00000220  00000200  RWIX
         IRAM                    00000220   0002fde0  00007582  RWIX
         SDRAM                   80000000   00100000  00000000  RWIX
         FLASH                   90000000   00020000  00000000  RWIX


SECTION ALLOCATION MAP

 output                                  attributes/
section   page    origin      length       input sections
--------  ----  ----------  ----------   ----------------
.EXT_RAM   0    80000000    00000000     UNINITIALIZED

.vectors   0    00000000    00000000     UNINITIALIZED

.data      0    00000000    00000000     UNINITIALIZED

.vecs      0    00000000    00000200     
                  00000000    00000200     Vectors_intr.obj (.vecs)

.bss       0    00000220    00000000     UNINITIALIZED

.sysmem    0    00000220    00000000     UNINITIALIZED

.switch    0    00000220    00000000     UNINITIALIZED

.cio       0    00000220    00000000     UNINITIALIZED

.csldata   0    00000220    00000000     UNINITIALIZED

.text      0    00000220    00003a00     
                  00000220    00000880     c6713dskinit.obj (.text)
                  00000aa0    00000640     process.obj (.text)
                  000010e0    00000480     dsk6713bsl.lib : dsk6713.obj (.text)
                  00001560    00000400     rts6700.lib : cos.obj (.text:_cos)
                  00001960    000003a0                 : sin.obj (.text:_sin)
                  00001d00    00000320     dsk6713bsl.lib : dsk6713_aic23_opencodec.obj (.text)
                  00002020    00000320     rts6700.lib : frcdivd.obj (.text:__frcdivd)
                  00002340    00000320     prac4.obj (.text)
                  00002660    00000280     rts6700.lib : divd.obj (.text:__divd)
                  000028e0    00000240                 : memcpy62.obj (.text:_memcpy)
                  00002b20    000001c0     csl6713.lib : csl_irq.obj (.text:_IRQ_map)
                  00002ce0    000001a0                 : csl_mcbsp.obj (.text:_MCBSP_reset)
                  00002e80    00000160     dsk6713bsl.lib : dsk6713_aic23_registers.obj (.text)
                  00002fe0    00000140     rts6700.lib : autoinit.obj (.text:__auto_init)
                  00003120    00000140                 : exit.obj (.text:_exit)
                  00003260    00000100     csl6713.lib : csl_mcbsp.obj (.text:_MCBSP_start)
                  00003360    00000100                 : csl_mcbsp.obj (.text:_MCBSP_open)
                  00003460    000000e0     rts6700.lib : round.obj (.text:__round)
                  00003540    000000e0                 : modf.obj (.text:_modf)
                  00003620    000000e0                 : strasg.obj (.text:__strasg)
                  00003700    000000c0     dsk6713bsl.lib : dsk6713_aic23_setfreq.obj (.text)
                  000037c0    000000a0     csl6713.lib : csl_mcbsp.obj (.text:_MCBSP_config)
                  00003860    000000a0                 : csl_irq.obj (.text:_setMux)
                  00003900    00000080     rts6700.lib : boot.obj (.text:_c_int00)
                  00003980    00000040                 : trunc.obj (.text:__trunc)
                  000039c0    00000040     csl6713.lib : csl_irq.obj (.text:_IRQ_enable)
                  00003a00    00000040     rts6700.lib : args_main.obj (.text:__args_main)
                  00003a40    00000040     csl6713.lib : csl_irq.obj (.text:_IRQ_reset)
                  00003a80    00000020                 : csl_irq.obj (.text:_IRQ_globalDisable)
                  00003aa0    00000020                 : csl_mcbsp.obj (.text:_MCBSP_getXmtEventId)
                  00003ac0    00000020                 : csl_mcbsp.obj (.text:_MCBSP_write)
                  00003ae0    00000020                 : csl_irq.obj (.text:_IRQ_setVecs)
                  00003b00    00000020                 : csl_irq.obj (.text:_IRQ_nmiEnable)
                  00003b20    00000020                 : csl_irq.obj (.text)
                  00003b40    00000020                 : csl_mcbsp.obj (.text:_MCBSP_xrdy)
                  00003b60    00000020     rts6700.lib : exit.obj (.text:_abort)
                  00003b80    00000020     csl6713.lib : csl_irq.obj (.text:_IRQ_globalEnable)
                  00003ba0    00000020     rts6700.lib : _lock.obj (.text:__nop)
                  00003bc0    00000020     Vectors_intr.obj (.text)
                  00003be0    00000020     csl6713.lib : csl_mcbsp.obj (.text:_MCBSP_rrdy)
                  00003c00    00000020                 : csl_mcbsp.obj (.text:_MCBSP_read)

.far       0    00003c20    000033da     UNINITIALIZED
                  00003c20    00001f50     prac4.obj (.far)
                  00005b70    000011a0     process.obj (.far)
                  00006d10    000000f4     csl6713.lib : csl_irq.obj (.far)
                  00006e04    0000008c     rts6700.lib : exit.obj (.far)
                  00006e90    00000058     c6713dskinit.obj (.far)
                  00006ee8    00000040     rts6700.lib : cos.obj (.far)
                  00006f28    00000040                 : sin.obj (.far)
                  00006f68    00000038     csl6713.lib : csl_mcbsp.obj (.far)
                  00006fa0    00000028     dsk6713bsl.lib : dsk6713_aic23_registers.obj (.far)
                  00006fc8    00000020                    : dsk6713_aic23_setfreq.obj (.far)
                  00006fe8    00000008     rts6700.lib : _lock.obj (.far)
                  00006ff0    00000008     dsk6713bsl.lib : dsk6713_aic23_opencodec.obj (.far)
                  00006ff8    00000002                    : dsk6713.obj (.far)

.stack     0    00007000    00000400     UNINITIALIZED
                  00007000    00000008     rts6700.lib : boot.obj (.stack)

.cinit     0    00007400    0000033c     
                  00007400    0000012c     csl6713.lib : csl_irq.obj (.cinit)
                  0000752c    00000004     --HOLE-- [fill = 0]
                  00007530    00000058     c6713dskinit.obj (.cinit)
                  00007588    00000054     csl6713.lib : csl_mcbsp.obj (.cinit)
                  000075dc    00000004     --HOLE-- [fill = 0]
                  000075e0    00000048     rts6700.lib : cos.obj (.cinit)
                  00007628    00000048                 : sin.obj (.cinit)
                  00007670    00000030     dsk6713bsl.lib : dsk6713_aic23_registers.obj (.cinit)
                  000076a0    0000002c     rts6700.lib : exit.obj (.cinit)
                  000076cc    00000004     --HOLE-- [fill = 0]
                  000076d0    00000028     dsk6713bsl.lib : dsk6713_aic23_setfreq.obj (.cinit)
                  000076f8    0000001c     rts6700.lib : _lock.obj (.cinit)
                  00007714    00000004     --HOLE-- [fill = 0]
                  00007718    0000001c     prac4.obj (.cinit)
                  00007734    00000008     --HOLE-- [fill = 0]

.const     0    0000773c    0000006c     
                  0000773c    00000040     dsk6713bsl.lib : dsk6713_aic23_opencodec.obj (.const)
                  0000777c    00000020                    : dsk6713.obj (.const)
                  0000779c    0000000c     process.obj (.const)


GLOBAL SYMBOLS: SORTED ALPHABETICALLY BY Name 

address    name
--------   ----
00000220   $bss
00000220   .bss
00000000   .data
00000220   .text
00003b60   C$$EXIT
00006e9c   _AIC23CfgData
00006e90   _AIC_data
00006ff0   _DSK6713_AIC23_codeccontrolhandle
00006ff4   _DSK6713_AIC23_codecdatahandle
00002f40   _DSK6713_AIC23_config
00001d00   _DSK6713_AIC23_openCodec
00002f1c   _DSK6713_AIC23_rget
00002e80   _DSK6713_AIC23_rset
00003700   _DSK6713_AIC23_setFreq
000014f4   _DSK6713_getVersion
0000112c   _DSK6713_init
00001448   _DSK6713_rget
0000145c   _DSK6713_rset
00006ff8   _DSK6713_version
00001470   _DSK6713_wait
000014c8   _DSK6713_waitusec
000039c0   _IRQ_enable
00003a80   _IRQ_globalDisable
00003b80   _IRQ_globalEnable
00002b20   _IRQ_map
00003b00   _IRQ_nmiEnable
00003a40   _IRQ_reset
00003ae0   _IRQ_setVecs
000037c0   _MCBSP_config
00003aa0   _MCBSP_getXmtEventId
00003360   _MCBSP_open
00003c00   _MCBSP_read
00002ce0   _MCBSP_reset
00003be0   _MCBSP_rrdy
00003260   _MCBSP_start
00003ac0   _MCBSP_write
00003b40   _MCBSP_xrdy
00006dfc   __IRQ_dispatchTable
00006d38   __IRQ_eventTable
00003b20   __IRQ_hookFetchPacket
00006dbc   __IRQ_intTable
00006f98   __MCBSP_hDev0
00006f9c   __MCBSP_hDev1
00000400   __STACK_SIZE
ffffffff   ___binit__
00000220   ___bss__
ffffffff   ___c_args__
00007400   ___cinit__
00000000   ___data__
00000000   ___edata__
00000220   ___end__
00003c20   ___etext__
ffffffff   ___pinit__
00000220   ___text__
00003a00   __args_main
00002fe0   __auto_init
00006e88   __cleanup_ptr
00002660   __divd
00006e8c   __dtors_ptr
00002020   __frcdivd
00006fe8   __lock
00003ba0   __nop
00003460   __round
00007000   __stack
00003620   __strasg
00003980   __trunc
00006fec   __unlock
00003b60   _abort
00000220   _c6713_dsk_init
00003900   _c_int00
00002340   _c_int11
00000334   _comm_intr
000002f8   _comm_poll
00006ebc   _config
00001560   _cos
00003120   _exit
00000d84   _fir
00003c20   _fs
00006ee4   _hAIC23_handle
00005b6c   _index
000024ec   _init_buffer_block
00000b20   _init_processFIR1
00000cf8   _init_processFIR2
00000fd0   _init_processIIR
000008e8   _input_left_sample
000009c0   _input_right_sample
000007c4   _input_sample
00003c24   _io1
00004bc4   _io2
00005b64   _io_block
00005b68   _io_buffer
000025d4   _main
000028e0   _memcpy
00003540   _modf
000005d4   _output_left_sample
000006cc   _output_right_sample
00000490   _output_sample
00000ea4   _processFIR
000010b0   _processIIR
00001960   _sin
00000aa0   _sinc
00000020   _vector1
00000140   _vector10
00000180   _vector12
000001a0   _vector13
000001c0   _vector14
000001e0   _vector15
00000040   _vector2
00000060   _vector3
00000080   _vector4
000000a0   _vector5
000000c0   _vector6
000000e0   _vector7
00000100   _vector8
00000120   _vector9
00000000   _vectors
00002524   _wait_buffer_block
ffffffff   binit
00007400   cinit
00000000   edata
00000220   end
00003c20   etext
ffffffff   pinit


GLOBAL SYMBOLS: SORTED BY Symbol Address 

address    name
--------   ----
00000000   edata
00000000   _vectors
00000000   .data
00000000   ___data__
00000000   ___edata__
00000020   _vector1
00000040   _vector2
00000060   _vector3
00000080   _vector4
000000a0   _vector5
000000c0   _vector6
000000e0   _vector7
00000100   _vector8
00000120   _vector9
00000140   _vector10
00000180   _vector12
000001a0   _vector13
000001c0   _vector14
000001e0   _vector15
00000220   ___bss__
00000220   .bss
00000220   end
00000220   .text
00000220   _c6713_dsk_init
00000220   ___end__
00000220   ___text__
00000220   $bss
000002f8   _comm_poll
00000334   _comm_intr
00000400   __STACK_SIZE
00000490   _output_sample
000005d4   _output_left_sample
000006cc   _output_right_sample
000007c4   _input_sample
000008e8   _input_left_sample
000009c0   _input_right_sample
00000aa0   _sinc
00000b20   _init_processFIR1
00000cf8   _init_processFIR2
00000d84   _fir
00000ea4   _processFIR
00000fd0   _init_processIIR
000010b0   _processIIR
0000112c   _DSK6713_init
00001448   _DSK6713_rget
0000145c   _DSK6713_rset
00001470   _DSK6713_wait
000014c8   _DSK6713_waitusec
000014f4   _DSK6713_getVersion
00001560   _cos
00001960   _sin
00001d00   _DSK6713_AIC23_openCodec
00002020   __frcdivd
00002340   _c_int11
000024ec   _init_buffer_block
00002524   _wait_buffer_block
000025d4   _main
00002660   __divd
000028e0   _memcpy
00002b20   _IRQ_map
00002ce0   _MCBSP_reset
00002e80   _DSK6713_AIC23_rset
00002f1c   _DSK6713_AIC23_rget
00002f40   _DSK6713_AIC23_config
00002fe0   __auto_init
00003120   _exit
00003260   _MCBSP_start
00003360   _MCBSP_open
00003460   __round
00003540   _modf
00003620   __strasg
00003700   _DSK6713_AIC23_setFreq
000037c0   _MCBSP_config
00003900   _c_int00
00003980   __trunc
000039c0   _IRQ_enable
00003a00   __args_main
00003a40   _IRQ_reset
00003a80   _IRQ_globalDisable
00003aa0   _MCBSP_getXmtEventId
00003ac0   _MCBSP_write
00003ae0   _IRQ_setVecs
00003b00   _IRQ_nmiEnable
00003b20   __IRQ_hookFetchPacket
00003b40   _MCBSP_xrdy
00003b60   _abort
00003b60   C$$EXIT
00003b80   _IRQ_globalEnable
00003ba0   __nop
00003be0   _MCBSP_rrdy
00003c00   _MCBSP_read
00003c20   _fs
00003c20   etext
00003c20   ___etext__
00003c24   _io1
00004bc4   _io2
00005b64   _io_block
00005b68   _io_buffer
00005b6c   _index
00006d38   __IRQ_eventTable
00006dbc   __IRQ_intTable
00006dfc   __IRQ_dispatchTable
00006e88   __cleanup_ptr
00006e8c   __dtors_ptr
00006e90   _AIC_data
00006e9c   _AIC23CfgData
00006ebc   _config
00006ee4   _hAIC23_handle
00006f98   __MCBSP_hDev0
00006f9c   __MCBSP_hDev1
00006fe8   __lock
00006fec   __unlock
00006ff0   _DSK6713_AIC23_codeccontrolhandle
00006ff4   _DSK6713_AIC23_codecdatahandle
00006ff8   _DSK6713_version
00007000   __stack
00007400   cinit
00007400   ___cinit__
ffffffff   pinit
ffffffff   ___c_args__
ffffffff   ___pinit__
ffffffff   binit
ffffffff   ___binit__

[123 symbols]
