
 Start  Stop   Length Name               Class

 00000H 0099CH 0099DH _TEXT              CODE
 009A0H 009ABH 0000CH _INIT_             INITDATA
 009ACH 009ACH 00000H _INITEND_          INITDATA
 009B0H 009B0H 00000H _EXIT_             EXITDATA
 009B0H 009BFH 00010H _EXITEND_          EXITDATA
 009C0H 009C0H 00000H _RD                ROMDATA
 009C0H 009CFH 00010H _ERD               ENDROMDATA
 009D0H 009D0H 00000H _BRFD              ROMFARDATA
 009D0H 009DFH 00010H _ERFD              ENDROMFARDATA
 009E0H 00A17H 00038H _DATA              DATA
 00A18H 00A18H 00000H _CVTSEG            DATA
 00A18H 00A18H 00000H _SCNSEG            DATA
 00A20H 00A47H 00028H _BSS               BSS
 00A50H 00A50H 00000H _NVRAM             NVRAM
 00A50H 00A5FH 00010H _EDATA             EDATA
 00A60H 00A60H 00000H _NHEAP             STACK
 00A60H 00E5FH 00400H _STACK             STACK
 00E60H 00E6FH 00010H _ESTACK            STACK
 00E70H 00E70H 00000H _BFD               FAR_DATA
 00E70H 00E7FH 00010H _EFD               ENDFAR_DATA
 00E80H 00E80H 00000H _BFC               FAR_CONST
 00E80H 00E8FH 00010H _EFC               ENDFAR_CONST
 00E90H 00E90H 00000H _BFB               FAR_BSS
 00E90H 00E9FH 00010H _EFB               ENDFAR_BSS
 00EA0H 00EA0H 00000H _FARHEAP           FAR_HEAP
 00EA0H 00EAFH 00010H _EFH               ENDFAR_HEAP


Program entry point at 0000:0000

