******************************************************************************
          TMS320C6x COFF Linker PC v5.1.0                      
******************************************************************************
>> Linked Mon Feb 28 11:59:05 2011

OUTPUT FILE NAME:   <./Debug/Loop_intr.out>
ENTRY POINT SYMBOL: "_c_int00"  address: 00003700


MEMORY CONFIGURATION

                  name            origin    length      used    attr    fill
         ----------------------  --------  ---------  --------  ----  --------
         IVECS                   00000000   00000220  00000200  RWIX
         IRAM                    00000220   0002fde0  000068c6  RWIX
         SDRAM                   80000000   00100000  00000000  RWIX
         FLASH                   90000000   00020000  00000000  RWIX


SECTION ALLOCATION MAP

 output                                  attributes/
section   page    origin      length       input sections
--------  ----  ----------  ----------   ----------------
.EXT_RAM   0    80000000    00000000     UNINITIALIZED

.vectors   0    00000000    00000000     UNINITIALIZED

.data      0    00000000    00000000     UNINITIALIZED

.vecs      0    00000000    00000200     
                  00000000    00000200     Vectors_intr.obj (.vecs)

.bss       0    00000220    00000000     UNINITIALIZED

.sysmem    0    00000220    00000000     UNINITIALIZED

.switch    0    00000220    00000000     UNINITIALIZED

.cio       0    00000220    00000000     UNINITIALIZED

.csldata   0    00000220    00000000     UNINITIALIZED

.text      0    00000220    000037c0     
                  00000220    00001100     codec.obj (.text)
                  00001320    00000880     c6713dskinit.obj (.text)
                  00001ba0    00000560     prac2.obj (.text)
                  00002100    00000480     dsk6713bsl.lib : dsk6713.obj (.text)
                  00002580    00000320                    : dsk6713_aic23_opencodec.obj (.text)
                  000028a0    00000240     rts6700.lib : memcpy62.obj (.text:_memcpy)
                  00002ae0    000001c0     csl6713.lib : csl_irq.obj (.text:_IRQ_map)
                  00002ca0    000001a0                 : csl_mcbsp.obj (.text:_MCBSP_reset)
                  00002e40    00000160     dsk6713bsl.lib : dsk6713_aic23_registers.obj (.text)
                  00002fa0    00000140     rts6700.lib : autoinit.obj (.text:__auto_init)
                  000030e0    00000140                 : exit.obj (.text:_exit)
                  00003220    00000100     csl6713.lib : csl_mcbsp.obj (.text:_MCBSP_start)
                  00003320    00000100                 : csl_mcbsp.obj (.text:_MCBSP_open)
                  00003420    000000e0     rts6700.lib : strasg.obj (.text:__strasg)
                  00003500    000000c0     dsk6713bsl.lib : dsk6713_aic23_setfreq.obj (.text)
                  000035c0    000000a0     csl6713.lib : csl_mcbsp.obj (.text:_MCBSP_config)
                  00003660    000000a0                 : csl_irq.obj (.text:_setMux)
                  00003700    00000080     rts6700.lib : boot.obj (.text:_c_int00)
                  00003780    00000040                 : args_main.obj (.text:__args_main)
                  000037c0    00000040     csl6713.lib : csl_irq.obj (.text:_IRQ_reset)
                  00003800    00000040                 : csl_irq.obj (.text:_IRQ_enable)
                  00003840    00000020                 : csl_mcbsp.obj (.text:_MCBSP_rrdy)
                  00003860    00000020     Vectors_intr.obj (.text)
                  00003880    00000020     csl6713.lib : csl_mcbsp.obj (.text:_MCBSP_write)
                  000038a0    00000020                 : csl_mcbsp.obj (.text:_MCBSP_read)
                  000038c0    00000020                 : csl_mcbsp.obj (.text:_MCBSP_getXmtEventId)
                  000038e0    00000020                 : csl_irq.obj (.text:_IRQ_setVecs)
                  00003900    00000020                 : csl_irq.obj (.text:_IRQ_nmiEnable)
                  00003920    00000020                 : csl_irq.obj (.text:_IRQ_globalDisable)
                  00003940    00000020                 : csl_irq.obj (.text)
                  00003960    00000020     rts6700.lib : _lock.obj (.text:__nop)
                  00003980    00000020     csl6713.lib : csl_mcbsp.obj (.text:_MCBSP_xrdy)
                  000039a0    00000020     rts6700.lib : exit.obj (.text:_abort)
                  000039c0    00000020     csl6713.lib : csl_irq.obj (.text:_IRQ_globalEnable)

.far       0    000039e0    000029ae     UNINITIALIZED
                  000039e0    00002744     prac2.obj (.far)
                  00006124    000000f4     csl6713.lib : csl_irq.obj (.far)
                  00006218    0000008c     rts6700.lib : exit.obj (.far)
                  000062a4    00000058     c6713dskinit.obj (.far)
                  000062fc    00000038     csl6713.lib : csl_mcbsp.obj (.far)
                  00006334    00000028     dsk6713bsl.lib : dsk6713_aic23_registers.obj (.far)
                  0000635c    00000020                    : dsk6713_aic23_setfreq.obj (.far)
                  0000637c    00000008     rts6700.lib : _lock.obj (.far)
                  00006384    00000008     dsk6713bsl.lib : dsk6713_aic23_opencodec.obj (.far)
                  0000638c    00000002                    : dsk6713.obj (.far)

.stack     0    00006390    00000400     UNINITIALIZED
                  00006390    00000008     rts6700.lib : boot.obj (.stack)

.cinit     0    00006790    000002ec     
                  00006790    0000012c     csl6713.lib : csl_irq.obj (.cinit)
                  000068bc    00000004     --HOLE-- [fill = 0]
                  000068c0    0000005c     prac2.obj (.cinit)
                  0000691c    00000004     --HOLE-- [fill = 0]
                  00006920    00000058     c6713dskinit.obj (.cinit)
                  00006978    00000054     csl6713.lib : csl_mcbsp.obj (.cinit)
                  000069cc    00000004     --HOLE-- [fill = 0]
                  000069d0    00000030     dsk6713bsl.lib : dsk6713_aic23_registers.obj (.cinit)
                  00006a00    0000002c     rts6700.lib : exit.obj (.cinit)
                  00006a2c    00000004     --HOLE-- [fill = 0]
                  00006a30    00000028     dsk6713bsl.lib : dsk6713_aic23_setfreq.obj (.cinit)
                  00006a58    0000001c     rts6700.lib : _lock.obj (.cinit)
                  00006a74    00000008     --HOLE-- [fill = 0]

.const     0    00006a7c    0000006c     
                  00006a7c    00000040     dsk6713bsl.lib : dsk6713_aic23_opencodec.obj (.const)
                  00006abc    00000020                    : dsk6713.obj (.const)
                  00006adc    0000000c     prac2.obj (.const)


GLOBAL SYMBOLS: SORTED ALPHABETICALLY BY Name 

address    name
--------   ----
00000220   $bss
00000220   .bss
00000000   .data
00000220   .text
000039a0   C$$EXIT
000062b0   _AIC23CfgData
000062a4   _AIC_data
00005f78   _BITS
00006384   _DSK6713_AIC23_codeccontrolhandle
00006388   _DSK6713_AIC23_codecdatahandle
00002f00   _DSK6713_AIC23_config
00002580   _DSK6713_AIC23_openCodec
00002edc   _DSK6713_AIC23_rget
00002e40   _DSK6713_AIC23_rset
00003500   _DSK6713_AIC23_setFreq
00002514   _DSK6713_getVersion
0000214c   _DSK6713_init
00002468   _DSK6713_rget
0000247c   _DSK6713_rset
0000638c   _DSK6713_version
00002490   _DSK6713_wait
000024e8   _DSK6713_waitusec
00003800   _IRQ_enable
00003920   _IRQ_globalDisable
000039c0   _IRQ_globalEnable
00002ae0   _IRQ_map
00003900   _IRQ_nmiEnable
000037c0   _IRQ_reset
000038e0   _IRQ_setVecs
000035c0   _MCBSP_config
000038c0   _MCBSP_getXmtEventId
00003320   _MCBSP_open
000038a0   _MCBSP_read
00002ca0   _MCBSP_reset
00003840   _MCBSP_rrdy
00003220   _MCBSP_start
00003880   _MCBSP_write
00003980   _MCBSP_xrdy
00006210   __IRQ_dispatchTable
0000614c   __IRQ_eventTable
00003940   __IRQ_hookFetchPacket
000061d0   __IRQ_intTable
0000632c   __MCBSP_hDev0
00006330   __MCBSP_hDev1
00000400   __STACK_SIZE
ffffffff   ___binit__
00000220   ___bss__
ffffffff   ___c_args__
00006790   ___cinit__
00000000   ___data__
00000000   ___edata__
00000220   ___end__
000039e0   ___etext__
ffffffff   ___pinit__
00000220   ___text__
00003780   __args_main
00002fa0   __auto_init
0000629c   __cleanup_ptr
000062a0   __dtors_ptr
0000637c   __lock
00003960   __nop
00006390   __stack
00003420   __strasg
00006380   __unlock
000039a0   _abort
000039f8   _buffer1
00004cb8   _buffer2
00001320   _c6713_dsk_init
00003700   _c_int00
00001ec8   _c_int11
0000073c   _cod_ami
0000056c   _cod_bipolar
000009a4   _cod_cmi
00000dfc   _cod_dif
00000f20   _cod_hdb3
00000c10   _cod_manchester
00000444   _cod_polar
00000220   _cod_rz
00001434   _comm_intr
000013f8   _comm_poll
000062d0   _config
000030e0   _exit
0000611c   _fs
000062f8   _hAIC23_handle
00001ba0   _init_arrays
00001c34   _init_user
000039e0   _input_bits
000019e8   _input_left_sample
00001ac0   _input_right_sample
000018c4   _input_sample
00006114   _iobuffer
00002028   _main
000028a0   _memcpy
00006118   _oblock
000016d4   _output_left_sample
000017cc   _output_right_sample
00001590   _output_sample
00001de4   _read_bits
00006120   _sample
00000020   _vector1
00000140   _vector10
00000180   _vector12
000001a0   _vector13
000001c0   _vector14
000001e0   _vector15
00000040   _vector2
00000060   _vector3
00000080   _vector4
000000a0   _vector5
000000c0   _vector6
000000e0   _vector7
00000100   _vector8
00000120   _vector9
00000000   _vectors
00001d34   _wait_buffer
ffffffff   binit
00006790   cinit
00000000   edata
00000220   end
000039e0   etext
ffffffff   pinit


GLOBAL SYMBOLS: SORTED BY Symbol Address 

address    name
--------   ----
00000000   _vectors
00000000   edata
00000000   ___data__
00000000   ___edata__
00000000   .data
00000020   _vector1
00000040   _vector2
00000060   _vector3
00000080   _vector4
000000a0   _vector5
000000c0   _vector6
000000e0   _vector7
00000100   _vector8
00000120   _vector9
00000140   _vector10
00000180   _vector12
000001a0   _vector13
000001c0   _vector14
000001e0   _vector15
00000220   .text
00000220   $bss
00000220   _cod_rz
00000220   .bss
00000220   end
00000220   ___bss__
00000220   ___end__
00000220   ___text__
00000400   __STACK_SIZE
00000444   _cod_polar
0000056c   _cod_bipolar
0000073c   _cod_ami
000009a4   _cod_cmi
00000c10   _cod_manchester
00000dfc   _cod_dif
00000f20   _cod_hdb3
00001320   _c6713_dsk_init
000013f8   _comm_poll
00001434   _comm_intr
00001590   _output_sample
000016d4   _output_left_sample
000017cc   _output_right_sample
000018c4   _input_sample
000019e8   _input_left_sample
00001ac0   _input_right_sample
00001ba0   _init_arrays
00001c34   _init_user
00001d34   _wait_buffer
00001de4   _read_bits
00001ec8   _c_int11
00002028   _main
0000214c   _DSK6713_init
00002468   _DSK6713_rget
0000247c   _DSK6713_rset
00002490   _DSK6713_wait
000024e8   _DSK6713_waitusec
00002514   _DSK6713_getVersion
00002580   _DSK6713_AIC23_openCodec
000028a0   _memcpy
00002ae0   _IRQ_map
00002ca0   _MCBSP_reset
00002e40   _DSK6713_AIC23_rset
00002edc   _DSK6713_AIC23_rget
00002f00   _DSK6713_AIC23_config
00002fa0   __auto_init
000030e0   _exit
00003220   _MCBSP_start
00003320   _MCBSP_open
00003420   __strasg
00003500   _DSK6713_AIC23_setFreq
000035c0   _MCBSP_config
00003700   _c_int00
00003780   __args_main
000037c0   _IRQ_reset
00003800   _IRQ_enable
00003840   _MCBSP_rrdy
00003880   _MCBSP_write
000038a0   _MCBSP_read
000038c0   _MCBSP_getXmtEventId
000038e0   _IRQ_setVecs
00003900   _IRQ_nmiEnable
00003920   _IRQ_globalDisable
00003940   __IRQ_hookFetchPacket
00003960   __nop
00003980   _MCBSP_xrdy
000039a0   _abort
000039a0   C$$EXIT
000039c0   _IRQ_globalEnable
000039e0   etext
000039e0   ___etext__
000039e0   _input_bits
000039f8   _buffer1
00004cb8   _buffer2
00005f78   _BITS
00006114   _iobuffer
00006118   _oblock
0000611c   _fs
00006120   _sample
0000614c   __IRQ_eventTable
000061d0   __IRQ_intTable
00006210   __IRQ_dispatchTable
0000629c   __cleanup_ptr
000062a0   __dtors_ptr
000062a4   _AIC_data
000062b0   _AIC23CfgData
000062d0   _config
000062f8   _hAIC23_handle
0000632c   __MCBSP_hDev0
00006330   __MCBSP_hDev1
0000637c   __lock
00006380   __unlock
00006384   _DSK6713_AIC23_codeccontrolhandle
00006388   _DSK6713_AIC23_codecdatahandle
0000638c   _DSK6713_version
00006390   __stack
00006790   cinit
00006790   ___cinit__
ffffffff   pinit
ffffffff   ___c_args__
ffffffff   ___pinit__
ffffffff   binit
ffffffff   ___binit__

[121 symbols]
