
 Start  Stop   Length Name               Class

 00000H 01482H 01483H _TEXT              CODE
 01490H 0149BH 0000CH _INIT_             INITDATA
 0149CH 0149CH 00000H _INITEND_          INITDATA
 014A0H 014A0H 00000H _EXIT_             EXITDATA
 014A0H 014AFH 00010H _EXITEND_          EXITDATA
 014B0H 014B0H 00000H _RD                ROMDATA
 014B0H 014BFH 00010H _ERD               ENDROMDATA
 014C0H 014C0H 00000H _BRFD              ROMFARDATA
 014C0H 014CFH 00010H _ERFD              ENDROMFARDATA
 014D0H 0158DH 000BEH _DATA              DATA
 0158EH 0158EH 00000H _CVTSEG            DATA
 0158EH 0158EH 00000H _SCNSEG            DATA
 01590H 01651H 000C2H _BSS               BSS
 01660H 01660H 00000H _NVRAM             NVRAM
 01660H 0166FH 00010H _EDATA             EDATA
 01670H 01670H 00000H _NHEAP             STACK
 01670H 01A6FH 00400H _STACK             STACK
 01A70H 01A7FH 00010H _ESTACK            STACK
 01A80H 01A80H 00000H _BFD               FAR_DATA
 01A80H 01A8FH 00010H _EFD               ENDFAR_DATA
 01A90H 01A90H 00000H _BFC               FAR_CONST
 01A90H 01A9FH 00010H _EFC               ENDFAR_CONST
 01AA0H 01AA0H 00000H _BFB               FAR_BSS
 01AA0H 01AAFH 00010H _EFB               ENDFAR_BSS
 01AB0H 01AB0H 00000H _FARHEAP           FAR_HEAP
 01AB0H 01ABFH 00010H _EFH               ENDFAR_HEAP


Program entry point at 0000:0000

